// Jest Snapshot v1, https://goo.gl/fbAQLP

exports[`<AdListPagination /> renders correctly 1`] = `
<nav
  aria-label="Page navigation example"
>
  <ul
    className="pagination"
  >
    <li
      className="page-item disabled"
    >
      <button
        aria-label="Previous"
        className="page-link"
        onClick={[Function]}
        type="button"
      >
        <span
          aria-hidden="true"
        >
          «
        </span>
        <span
          className="sr-only"
        >
          Previous
        </span>
      </button>
    </li>
    <li
      className="page-item active"
    >
      <button
        className="page-link"
        onClick={[Function]}
        type="button"
      >
        1
      </button>
    </li>
    <li
      className="page-item false"
    >
      <button
        className="page-link"
        onClick={[Function]}
        type="button"
      >
        2
      </button>
    </li>
    <li
      className="page-item false"
    >
      <button
        className="page-link"
        onClick={[Function]}
        type="button"
      >
        3
      </button>
    </li>
    <li
      className="page-item false"
    >
      <button
        className="page-link"
        onClick={[Function]}
        type="button"
      >
        4
      </button>
    </li>
    <li
      className="page-item false"
    >
      <button
        className="page-link"
        onClick={[Function]}
        type="button"
      >
        5
      </button>
    </li>
    <li
      className="page-item false"
    >
      <button
        className="page-link"
        onClick={[Function]}
        type="button"
      >
        6
      </button>
    </li>
    <li
      className="page-item false"
    >
      <button
        className="page-link"
        onClick={[Function]}
        type="button"
      >
        7
      </button>
    </li>
    <li
      className="page-item false"
    >
      <button
        className="page-link"
        onClick={[Function]}
        type="button"
      >
        8
      </button>
    </li>
    <li
      className="page-item false"
    >
      <button
        className="page-link"
        onClick={[Function]}
        type="button"
      >
        9
      </button>
    </li>
    <li
      className="page-item false"
    >
      <button
        className="page-link"
        onClick={[Function]}
        type="button"
      >
        10
      </button>
    </li>
    <li
      className="page-item false"
    >
      <button
        className="page-link"
        onClick={[Function]}
        type="button"
      >
        11
      </button>
    </li>
    <li
      className="page-item false"
    >
      <button
        className="page-link"
        onClick={[Function]}
        type="button"
      >
        12
      </button>
    </li>
    <li
      className="page-item false"
    >
      <button
        className="page-link"
        onClick={[Function]}
        type="button"
      >
        13
      </button>
    </li>
    <li
      className="page-item false"
    >
      <button
        className="page-link"
        onClick={[Function]}
        type="button"
      >
        14
      </button>
    </li>
    <li
      className="page-item false"
    >
      <button
        className="page-link"
        onClick={[Function]}
        type="button"
      >
        15
      </button>
    </li>
    <li
      className="page-item false"
    >
      <button
        className="page-link"
        onClick={[Function]}
        type="button"
      >
        16
      </button>
    </li>
    <li
      className="page-item false"
    >
      <button
        className="page-link"
        onClick={[Function]}
        type="button"
      >
        17
      </button>
    </li>
    <li
      className="page-item false"
    >
      <button
        className="page-link"
        onClick={[Function]}
        type="button"
      >
        18
      </button>
    </li>
    <li
      className="page-item false"
    >
      <button
        className="page-link"
        onClick={[Function]}
        type="button"
      >
        19
      </button>
    </li>
    <li
      className="page-item false"
    >
      <button
        className="page-link"
        onClick={[Function]}
        type="button"
      >
        20
      </button>
    </li>
    <li
      className="page-item false"
    >
      <button
        aria-label="Next"
        className="page-link"
        onClick={[Function]}
        type="button"
      >
        <span
          aria-hidden="true"
        >
          »
        </span>
        <span
          className="sr-only"
        >
          Next
        </span>
      </button>
    </li>
  </ul>
</nav>
`;
