// Jest Snapshot v1, https://goo.gl/fbAQLP

exports[`<Header /> renders correctly 1`] = `
<header
  style={
    Object {
      "borderBottom": "1px solid #eee",
      "padding": "15px 0",
    }
  }
>
  <div
    className="container-fluid"
  >
    <div
      className="row justify-content-end align-items-center"
    >
      <div
        className="col-auto"
      >
        <a
          href="/edit"
          onClick={[Function]}
        >
          <button
            className="btn btn-danger"
            type="button"
          >
            Create Ad
          </button>
        </a>
      </div>
      <div
        className="col-auto"
      >
        <div
          className="row align-items-center"
        >
          <div
            className="col"
          >
            <b>
              Admin
            </b>
          </div>
          <div
            className="col"
          >
            <button
              className="btn btn-link"
              onClick={[MockFunction]}
              type="button"
            >
              <a
                href="/"
                onClick={[Function]}
              >
                LogÂ out
              </a>
            </button>
          </div>
        </div>
      </div>
    </div>
  </div>
</header>
`;
